###############################################################
#  Generated by:      Cadence Encounter 13.24-s026_1
#  OS:                Linux x86_64(Host ID mahler)
#  Generated on:      Fri Jan 16 12:40:05 2026
#  Design:            MIPS_32_1P_MUL_DIV
#  Command:           checkDesign -netlist
###############################################################
Design: MIPS_32_1P_MUL_DIV

------ Design Summary:
Total Standard Cell Number   (cells) : 19341
Total Block Cell Number      (cells) : 0
Total I/O Pad Cell Number    (cells) : 0
Total Standard Cell Area     ( um^2) : 279255.12
Total Block Cell Area        ( um^2) : 0.00
Total I/O Pad Cell Area      ( um^2) : 0.00

------ Design Statistics:

Number of Instances            : 19341
Number of Nets                 : 20310
Average number of Pins per Net : 3.52
Maximum number of Pins in Net  : 2877

------ I/O Port summary

Number of Primary I/O Ports    : 204
Number of Input Ports          : 88
Number of Output Ports         : 116
Number of Bidirectional Ports  : 0
Number of Power/Ground Ports   : 0



------------------------------------------------------------
Detail report:


------ I/O Pad/Port Checking

WARN : Port SCOUT is floating in the top design.

------ Primitive Pins DRC Checking

**WARN: Instance 'g689589' has multiple input pins tied together to net 'S00MUL7_RM[61]'.
**WARN: Instance 'g689588' has multiple input pins tied together to net 'S00MUL7_RM[55]'.
**WARN: Instance 'g689587' has multiple input pins tied together to net 'C00MUL7_RM[50]'.
**WARN: Instance 'g689586' has multiple input pins tied together to net 'C00MUL7_RM[45]'.
**WARN: Instance 'g689583' has multiple input pins tied together to net 'C00MUL7_RM[4]'.
**WARN: Instance 'g689584' has multiple input pins tied together to net 'n_7138'.
**WARN: Instance 'g684007' has multiple input pins tied together to net 'n_20422'.
**WARN: Instance 'g678252' has multiple input pins tied together to net 'n_20628'.
**WARN: Instance 'g678250' has multiple input pins tied together to net 'n_20628'.

------ Primitive Net DRC Check

WARNING : Net CK has 2876 fanout

